[2026-09-21T23:33:11.624Z][INFO] Command-line: 'C:\\Program Files\\Unity\\Hub\\Editor\\6000.5.8f1\\Editor\\Data\\Resources\\PackageManager\\Server\\UnityPackageManager.exe' server -s 23488 --ipc-path Unity-Upm-23488 -l 2 --log-file 'C:\\Users\\MULTIMEDIA\\Documents\\00 ESTUDIANTES\\POSADA MONTERO OSIRIS DANIELA\\VR1/Logs/upm.log'
[2026-09-21T23:33:11.683Z][INFO] IPC server started (IPC path=Unity-Upm-23488).
[2026-09-21T23:33:11.683Z][INFO] Hint: To connect to this UPM instance, launch Unity with the command-line parameter -upmIpcPath Upm-23488.
[2026-09-21T23:33:22.111Z][INFO] project:list-packages <-- Request received
params: {}
[2026-09-21T23:33:22.268Z][INFO] config:project:get-registries <-- Request received
params: {}
[2026-09-21T23:33:22.280Z][INFO] project:list-packages <-- Request received
params: {}
[2026-09-21T23:33:22.636Z][INFO] config:project:get-registries --> 200 (368 ms)
[2026-09-21T23:33:22.899Z][INFO] project:update-dependencies <-- Request received
params: {}
[2026-09-21T23:33:22.996Z][INFO] project:list-packages --> 200 (885 ms)
[2026-09-21T23:33:23.023Z][INFO] project:list-packages --> 200 (743 ms)
[2026-09-21T23:33:23.030Z][INFO] project:update-dependencies --> 200 (131 ms)
[2026-09-21T23:33:23.070Z][INFO] project:resolve-packages <-- Request received
params: {}
[2026-09-21T23:33:23.591Z][INFO] Downloading package [com.unity.package-manager.metadata-6000.5@0.0.98] from registry 'https://packages.unity.com'
[2026-09-21T23:33:24.408Z][INFO] Finished downloading package [com.unity.package-manager.metadata-6000.5@0.0.98] from registry 'https://packages.unity.com' (size: 11.4 kB, time: 817ms)
[2026-09-21T23:33:48.416Z][WARN] Requested version [2.1.2] for package [com.unity.xr.legacyinputhelpers] overridden by minimum version [3.0.1].
[2026-09-21T23:33:48.416Z][WARN] Requested version [1.0.0] for package [com.unity.editorcoroutines] overridden by minimum version [1.1.0].
[2026-09-21T23:33:48.416Z][WARN] Requested version [1.0.3] for package [com.unity.settings-manager] overridden by minimum version [2.1.1].
[2026-09-21T23:33:48.416Z][WARN] Requested version [4.9.3] for package [com.unity.searcher] overridden by minimum version [4.9.5].
[2026-09-21T23:33:48.416Z][WARN] Requested version [1.8.14] for package [com.unity.burst] overridden by minimum version [1.8.30].
[2026-09-21T23:33:48.416Z][WARN] Requested version [3.2.0] for package [com.unity.test-framework.performance] overridden by minimum version [3.5.0].
[2026-09-21T23:33:48.418Z][INFO] project:resolve-packages --> 200 (25348 ms)
[2026-09-21T23:34:12.514Z][INFO] project:list-packages <-- Request received
params: {}
[2026-09-21T23:34:12.548Z][INFO] project:list-packages <-- Request received
params: {}
[2026-09-21T23:34:13.120Z][INFO] project:list-packages --> 200 (607 ms)
[2026-09-21T23:34:13.171Z][INFO] project:list-packages --> 200 (623 ms)
[2026-09-21T23:34:13.313Z][INFO] project:list-packages <-- Request received
params: {}
[2026-09-21T23:34:13.635Z][INFO] project:list-packages --> 200 (322 ms)
[2026-09-21T23:34:14.575Z][INFO] config:project:get-registries <-- Request received
params: {}
[2026-09-21T23:34:14.581Z][INFO] config:project:get-registries --> 200 (6 ms)
[2026-09-21T23:34:14.719Z][INFO] packages:get-all-packageinfo <-- Request received
params: {}
[2026-09-21T23:34:14.733Z][INFO] project:list-packages <-- Request received
params: {}
[2026-09-21T23:34:15.501Z][INFO] packages:get-all-packageinfo --> 200 (782 ms)
[2026-09-21T23:34:15.742Z][INFO] project:list-packages --> 200 (1009 ms)
[2026-09-21T23:35:12.455Z][INFO] project:list-packages <-- Request received
params: {}
[2026-09-21T23:35:12.832Z][INFO] project:list-packages <-- Request received
params: {}
[2026-09-21T23:35:12.942Z][INFO] project:list-packages --> 200 (487 ms)
[2026-09-21T23:35:13.318Z][INFO] project:list-packages --> 200 (487 ms)
[2026-09-21T23:35:14.331Z][INFO] packages:get-all-packageinfo <-- Request received
params: {}
[2026-09-21T23:35:14.345Z][INFO] packages:get-all-packageinfo <-- Request received
params: {}
[2026-09-21T23:35:14.625Z][INFO] project:list-packages <-- Request received
params: {}
[2026-09-21T23:35:14.907Z][INFO] packages:get-all-packageinfo --> 200 (562 ms)
[2026-09-21T23:35:15.191Z][INFO] project:list-packages --> 200 (566 ms)
[2026-09-21T23:35:17.318Z][INFO] packages:get-all-packageinfo --> 200 (2987 ms)
[2026-09-21T23:35:20.471Z][INFO] project:list-packages <-- Request received
params: {}
[2026-09-21T23:35:20.486Z][INFO] packages:get-all-packageinfo <-- Request received
params: {}
[2026-09-21T23:35:20.519Z][INFO] project:list-packages <-- Request received
params: {}
[2026-09-21T23:35:20.793Z][INFO] project:list-packages <-- Request received
params: {}
[2026-09-21T23:35:21.503Z][INFO] packages:get-all-packageinfo --> 200 (1017 ms)
[2026-09-21T23:35:21.748Z][INFO] project:list-packages --> 200 (1277 ms)
[2026-09-21T23:35:21.817Z][INFO] project:list-packages --> 200 (1298 ms)
[2026-09-21T23:35:21.888Z][INFO] config:project:get-registries <-- Request received
params: {}
[2026-09-21T23:35:21.900Z][INFO] config:project:get-registries --> 200 (12 ms)
[2026-09-21T23:35:21.954Z][INFO] project:list-packages --> 200 (1161 ms)
[2026-09-21T23:35:22.670Z][INFO] packages:get-all-packageinfo <-- Request received
params: {}
[2026-09-21T23:35:23.282Z][INFO] packages:get-all-packageinfo --> 200 (612 ms)
[2026-09-21T23:35:28.063Z][INFO] project:list-packages <-- Request received
params: {}
[2026-09-21T23:35:28.326Z][INFO] project:list-packages --> 200 (263 ms)
[2026-09-21T23:35:29.587Z][INFO] packages:get-packageinfo <-- Request received
params: {
  "packageId": "com.unity.addressables@2.9.1"
}
[2026-09-21T23:35:29.604Z][INFO] packages:get-packageinfo <-- Request received
params: {
  "packageId": "com.unity.ads.ios-support@1.0.1"
}
[2026-09-21T23:35:29.617Z][INFO] packages:get-packageinfo <-- Request received
params: {
  "packageId": "com.unity.ide.rider@3.0.40"
}
[2026-09-21T23:35:29.632Z][INFO] packages:get-packageinfo <-- Request received
params: {
  "packageId": "com.unity.learn.iet-framework@5.0.4"
}
[2026-09-21T23:35:29.641Z][INFO] packages:get-packageinfo <-- Request received
params: {
  "packageId": "com.unity.learn.iet-framework.authoring@1.5.4"
}
[2026-09-21T23:35:29.649Z][INFO] packages:get-packageinfo --> 200 (62 ms)
[2026-09-21T23:35:29.678Z][INFO] packages:get-packageinfo --> 200 (73 ms)
[2026-09-21T23:35:29.680Z][INFO] packages:get-packageinfo --> 200 (63 ms)
[2026-09-21T23:35:29.690Z][INFO] packages:get-packageinfo --> 200 (58 ms)
[2026-09-21T23:35:29.691Z][INFO] packages:get-packageinfo --> 200 (50 ms)
[2026-09-21T23:35:41.713Z][INFO] packages:get-packageinfo <-- Request received
params: {
  "packageId": "com.unity.project-auditor-rules@1.0.3"
}
[2026-09-21T23:35:41.727Z][INFO] packages:get-packageinfo <-- Request received
params: {
  "packageId": "com.unity.scriptablebuildpipeline@2.6.2"
}
[2026-09-21T23:35:41.737Z][INFO] packages:get-packageinfo --> 200 (24 ms)
[2026-09-21T23:35:41.742Z][INFO] packages:get-packageinfo <-- Request received
params: {
  "packageId": "com.unity.services.authentication@3.7.4"
}
[2026-09-21T23:35:41.756Z][INFO] packages:get-packageinfo <-- Request received
params: {
  "packageId": "com.unity.services.friends@1.1.1"
}
[2026-09-21T23:35:41.770Z][INFO] packages:get-packageinfo <-- Request received
params: {
  "packageId": "com.unity.services.moderation@1.0.2"
}
[2026-09-21T23:35:41.789Z][INFO] packages:get-packageinfo --> 200 (62 ms)
[2026-09-21T23:35:41.789Z][INFO] packages:get-packageinfo <-- Request received
params: {
  "packageId": "com.unity.xr.androidxr-openxr@1.3.2"
}
[2026-09-21T23:35:41.801Z][INFO] packages:get-packageinfo <-- Request received
params: {
  "packageId": "com.unity.xr.arcore@6.5.1"
}
[2026-09-21T23:35:41.818Z][INFO] packages:get-packageinfo <-- Request received
params: {
  "packageId": "com.unity.xr.arfoundation@6.5.1"
}
[2026-09-21T23:35:41.828Z][INFO] packages:get-packageinfo <-- Request received
params: {
  "packageId": "com.unity.xr.arkit@6.5.1"
}
[2026-09-21T23:35:41.846Z][INFO] packages:get-packageinfo <-- Request received
params: {
  "packageId": "com.unity.xr.compositionlayers@2.5.0"
}
[2026-09-21T23:35:41.882Z][INFO] packages:get-packageinfo --> 200 (141 ms)
[2026-09-21T23:35:41.906Z][INFO] packages:get-packageinfo --> 200 (150 ms)
[2026-09-21T23:35:41.929Z][INFO] packages:get-packageinfo --> 200 (159 ms)
[2026-09-21T23:35:41.947Z][INFO] packages:get-packageinfo --> 200 (158 ms)
[2026-09-21T23:35:41.965Z][INFO] packages:get-packageinfo <-- Request received
params: {
  "packageId": "com.unity.xr.hands@1.8.1"
}
[2026-09-21T23:35:41.976Z][INFO] packages:get-packageinfo <-- Request received
params: {
  "packageId": "com.unity.xr.interaction.toolkit@3.5.1"
}
[2026-09-21T23:35:41.989Z][INFO] packages:get-packageinfo <-- Request received
params: {
  "packageId": "com.unity.xr.management@4.5.4"
}
[2026-09-21T23:35:42.007Z][INFO] packages:get-packageinfo <-- Request received
params: {
  "packageId": "com.unity.xr.meta-openxr@2.5.1"
}
[2026-09-21T23:35:42.030Z][INFO] packages:get-packageinfo --> 200 (229 ms)
[2026-09-21T23:35:42.039Z][INFO] packages:get-packageinfo --> 200 (211 ms)
[2026-09-21T23:35:42.043Z][INFO] packages:get-packageinfo <-- Request received
params: {
  "packageId": "com.unity.xr.openxr@1.17.1"
}
[2026-09-21T23:35:42.054Z][INFO] packages:get-packageinfo --> 200 (236 ms)
[2026-09-21T23:35:42.094Z][INFO] packages:get-packageinfo --> 200 (247 ms)
[2026-09-21T23:35:42.170Z][INFO] packages:get-packageinfo --> 200 (205 ms)
[2026-09-21T23:35:42.173Z][INFO] packages:get-packageinfo --> 200 (166 ms)
[2026-09-21T23:35:42.178Z][INFO] packages:get-packageinfo --> 200 (189 ms)
[2026-09-21T23:35:42.185Z][INFO] packages:get-packageinfo --> 200 (209 ms)
[2026-09-21T23:35:42.190Z][INFO] packages:get-packageinfo --> 200 (147 ms)
[2026-09-21T23:35:42.681Z][INFO] project:list-packages <-- Request received
params: {}
[2026-09-21T23:35:42.701Z][INFO] project:list-packages <-- Request received
params: {}
[2026-09-21T23:35:43.674Z][INFO] project:list-packages --> 200 (973 ms)
[2026-09-21T23:35:44.798Z][INFO] project:list-packages --> 200 (2117 ms)
[2026-09-21T23:39:30.159Z][INFO] project:list-packages <-- Request received
params: {}
[2026-09-21T23:39:30.385Z][INFO] project:list-packages <-- Request received
params: {}
[2026-09-21T23:39:30.542Z][INFO] project:list-packages --> 200 (383 ms)
[2026-09-21T23:39:30.772Z][INFO] project:list-packages --> 200 (387 ms)
[2026-09-21T23:39:31.190Z][INFO] config:project:get-registries <-- Request received
params: {}
[2026-09-21T23:39:31.195Z][INFO] config:project:get-registries --> 200 (5 ms)
[2026-09-21T23:39:34.527Z][INFO] project:list-packages <-- Request received
params: {}
[2026-09-21T23:39:34.805Z][INFO] project:list-packages --> 200 (278 ms)
[2026-09-21T23:42:23.963Z][INFO] project:list-packages <-- Request received
params: {}
[2026-09-21T23:42:24.204Z][INFO] project:list-packages <-- Request received
params: {}
[2026-09-21T23:42:24.304Z][INFO] project:list-packages --> 200 (341 ms)
[2026-09-21T23:42:24.547Z][INFO] project:list-packages --> 200 (343 ms)
[2026-09-21T23:42:24.942Z][INFO] config:project:get-registries <-- Request received
params: {}
[2026-09-21T23:42:24.946Z][INFO] config:project:get-registries --> 200 (4 ms)
[2026-09-21T23:42:25.721Z][INFO] project:list-packages <-- Request received
params: {}
[2026-09-21T23:42:26.038Z][INFO] project:list-packages --> 200 (317 ms)
[2026-09-21T23:42:26.974Z][INFO] project:list-packages <-- Request received
params: {}
[2026-09-21T23:42:27.253Z][INFO] project:list-packages --> 200 (279 ms)
[2026-09-21T23:47:06.006Z][INFO] project:list-packages <-- Request received
params: {}
[2026-09-21T23:47:06.226Z][INFO] project:list-packages <-- Request received
params: {}
[2026-09-21T23:47:06.288Z][INFO] project:list-packages --> 200 (282 ms)
[2026-09-21T23:47:06.539Z][INFO] project:list-packages --> 200 (313 ms)
[2026-09-21T23:47:06.978Z][INFO] config:project:get-registries <-- Request received
params: {}
[2026-09-21T23:47:06.981Z][INFO] config:project:get-registries --> 200 (3 ms)
[2026-09-21T23:47:08.000Z][INFO] project:list-packages <-- Request received
params: {}
[2026-09-21T23:47:08.253Z][INFO] project:list-packages --> 200 (252 ms)
[2026-09-21T23:47:09.320Z][INFO] project:list-packages <-- Request received
params: {}
[2026-09-21T23:47:09.613Z][INFO] project:list-packages --> 200 (293 ms)
[2026-09-21T23:48:28.292Z][INFO] project:list-packages <-- Request received
params: {}
[2026-09-21T23:48:28.502Z][INFO] project:list-packages <-- Request received
params: {}
[2026-09-21T23:48:28.585Z][INFO] project:list-packages --> 200 (293 ms)
[2026-09-21T23:48:28.796Z][INFO] project:list-packages --> 200 (294 ms)
[2026-09-21T23:48:29.222Z][INFO] config:project:get-registries <-- Request received
params: {}
[2026-09-21T23:48:29.229Z][INFO] config:project:get-registries --> 200 (7 ms)
[2026-09-21T23:48:33.429Z][INFO] project:list-packages <-- Request received
params: {}
[2026-09-21T23:48:33.696Z][INFO] project:list-packages --> 200 (267 ms)
[2026-09-22T00:33:37.342Z][INFO] project:list-packages <-- Request received
params: {}
[2026-09-22T00:33:37.541Z][INFO] project:list-packages <-- Request received
params: {}
[2026-09-22T00:33:37.859Z][INFO] project:list-packages --> 200 (518 ms)
[2026-09-22T00:33:37.969Z][INFO] project:list-packages --> 200 (428 ms)
[2026-09-22T00:33:38.374Z][INFO] config:project:get-registries <-- Request received
params: {}
[2026-09-22T00:33:38.379Z][INFO] config:project:get-registries --> 200 (5 ms)
[2026-09-22T00:33:42.410Z][INFO] project:list-packages <-- Request received
params: {}
[2026-09-22T00:33:42.668Z][INFO] project:list-packages --> 200 (258 ms)
[2026-09-22T00:46:20.884Z][INFO] project:list-packages <-- Request received
params: {}
[2026-09-22T00:46:21.191Z][INFO] project:list-packages <-- Request received
params: {}
[2026-09-22T00:46:21.271Z][INFO] project:list-packages --> 200 (387 ms)
[2026-09-22T00:46:21.578Z][INFO] project:list-packages --> 200 (387 ms)
[2026-09-22T00:46:22.065Z][INFO] config:project:get-registries <-- Request received
params: {}
[2026-09-22T00:46:22.069Z][INFO] config:project:get-registries --> 200 (4 ms)
[2026-09-22T00:46:22.887Z][INFO] project:list-packages <-- Request received
params: {}
[2026-09-22T00:46:23.230Z][INFO] project:list-packages --> 200 (343 ms)
[2026-09-22T00:48:43.715Z][INFO] project:list-packages <-- Request received
params: {}
[2026-09-22T00:48:43.987Z][INFO] project:list-packages --> 200 (272 ms)
[2026-09-22T00:53:22.473Z][INFO] config:get-cache-root <-- Request received
params: {}
[2026-09-22T00:53:22.475Z][INFO] config:get-cache-root --> 200 (2 ms)
[2026-09-22T00:57:53.073Z][INFO] project:list-packages <-- Request received
params: {}
[2026-09-22T00:57:53.319Z][INFO] project:list-packages <-- Request received
params: {}
[2026-09-22T00:57:53.348Z][INFO] project:list-packages --> 200 (276 ms)
[2026-09-22T00:57:53.623Z][INFO] project:list-packages --> 200 (305 ms)
[2026-09-22T00:57:54.049Z][INFO] config:project:get-registries <-- Request received
params: {}
[2026-09-22T00:57:54.053Z][INFO] config:project:get-registries --> 200 (4 ms)
[2026-09-22T00:57:54.793Z][INFO] project:list-packages <-- Request received
params: {}
[2026-09-22T00:57:55.067Z][INFO] project:list-packages --> 200 (274 ms)
[2026-09-22T00:57:59.217Z][INFO] project:list-packages <-- Request received
params: {}
[2026-09-22T00:57:59.484Z][INFO] project:list-packages --> 200 (268 ms)
[2026-09-22T01:00:13.088Z][INFO] project:list-packages <-- Request received
params: {}
[2026-09-22T01:00:13.317Z][INFO] project:list-packages <-- Request received
params: {}
[2026-09-22T01:00:13.408Z][INFO] project:list-packages --> 200 (321 ms)
[2026-09-22T01:00:13.646Z][INFO] project:list-packages --> 200 (329 ms)
[2026-09-22T01:00:14.050Z][INFO] config:project:get-registries <-- Request received
params: {}
[2026-09-22T01:00:14.054Z][INFO] config:project:get-registries --> 200 (4 ms)
[2026-09-22T01:00:14.769Z][INFO] project:list-packages <-- Request received
params: {}
[2026-09-22T01:00:15.052Z][INFO] project:list-packages --> 200 (284 ms)
[2026-09-22T01:00:36.322Z][INFO] project:list-packages <-- Request received
params: {}
[2026-09-22T01:00:36.580Z][INFO] project:list-packages --> 200 (258 ms)
